// Jest Snapshot v1, https://goo.gl/fbAQLP

exports[`Tag component should render without crashing 1`] = `
<div>
  <div
    class="sc-bczRLJ gSigVM"
  />
</div>
`;
