// Jest Snapshot v1, https://goo.gl/fbAQLP

exports[`Container component should render without crashing 1`] = `
<div>
  <div
    class="sc-bczRLJ gZiCIE"
  />
</div>
`;
